C:\Users\tylerhardy 
λ ssh pi@137.190.117.94
pi@137.190.117.94's password:

The programs included with the Debian GNU/Linux system are free software;
the exact distribution terms for each program are described in the
individual files in /usr/share/doc/*/copyright.

Debian GNU/Linux comes with ABSOLUTELY NO WARRANTY, to the extent
permitted by applicable law.
Last login: Wed Aug  9 22:33:13 2017 from ty128-ws0010723.users.weber.edu
pi@TY128-RPI3:~ $ python -V
Python 2.7.9
pi@TY128-RPI3:~ $ python3 -V
-bash: python3: command not found
pi@TY128-RPI3:~ $ sudo apt-get install python3
Reading package lists... Done
Building dependency tree
Reading state information... Done
The following extra packages will be installed:
  dh-python libmpdec2 libpython3-stdlib libpython3.4-minimal libpython3.4-stdlib python3-minimal python3.4 python3.4-minimal
Suggested packages:
  python3-doc python3-tk python3-venv python3.4-venv python3.4-doc binfmt-support
The following NEW packages will be installed:
  dh-python libmpdec2 libpython3-stdlib libpython3.4-minimal libpython3.4-stdlib python3 python3-minimal python3.4 python3.4-minimal
0 upgraded, 9 newly installed, 0 to remove and 0 not upgraded.
Need to get 4,259 kB of archives.
After this operation, 17.2 MB of additional disk space will be used.
Do you want to continue? [Y/n] YY
Get:1 http://mirrordirector.raspbian.org/raspbian/ jessie/main libmpdec2 armhf 2.4.1-1 [65.8 kB]
Get:2 http://mirrordirector.raspbian.org/raspbian/ jessie/main libpython3.4-minimal armhf 3.4.2-1 [483 kB]
Get:3 http://mirrordirector.raspbian.org/raspbian/ jessie/main libpython3.4-stdlib armhf 3.4.2-1 [2,011 kB]
Get:4 http://mirrordirector.raspbian.org/raspbian/ jessie/main python3.4-minimal armhf 3.4.2-1 [1,355 kB]
Get:5 http://mirrordirector.raspbian.org/raspbian/ jessie/main python3.4 armhf 3.4.2-1 [204 kB]
Get:6 http://mirrordirector.raspbian.org/raspbian/ jessie/main python3-minimal armhf 3.4.2-2 [34.7 kB]
Get:7 http://mirrordirector.raspbian.org/raspbian/ jessie/main libpython3-stdlib armhf 3.4.2-2 [18.1 kB]
Get:8 http://mirrordirector.raspbian.org/raspbian/ jessie/main python3 armhf 3.4.2-2 [21.2 kB]
Get:9 http://mirrordirector.raspbian.org/raspbian/ jessie/main dh-python all 1.20141111-2 [66.4 kB]
Fetched 4,259 kB in 2s (1,760 kB/s)
Selecting previously unselected package libmpdec2:armhf.
(Reading database ... 32336 files and directories currently installed.)
Preparing to unpack .../libmpdec2_2.4.1-1_armhf.deb ...
Unpacking libmpdec2:armhf (2.4.1-1) ...
Selecting previously unselected package libpython3.4-minimal:armhf.
Preparing to unpack .../libpython3.4-minimal_3.4.2-1_armhf.deb ...
Unpacking libpython3.4-minimal:armhf (3.4.2-1) ...
Selecting previously unselected package libpython3.4-stdlib:armhf.
Preparing to unpack .../libpython3.4-stdlib_3.4.2-1_armhf.deb ...
Unpacking libpython3.4-stdlib:armhf (3.4.2-1) ...
Selecting previously unselected package python3.4-minimal.
Preparing to unpack .../python3.4-minimal_3.4.2-1_armhf.deb ...
Unpacking python3.4-minimal (3.4.2-1) ...
Selecting previously unselected package python3.4.
Preparing to unpack .../python3.4_3.4.2-1_armhf.deb ...
Unpacking python3.4 (3.4.2-1) ...
Selecting previously unselected package python3-minimal.
Preparing to unpack .../python3-minimal_3.4.2-2_armhf.deb ...
Unpacking python3-minimal (3.4.2-2) ...
Selecting previously unselected package libpython3-stdlib:armhf.
Preparing to unpack .../libpython3-stdlib_3.4.2-2_armhf.deb ...
Unpacking libpython3-stdlib:armhf (3.4.2-2) ...
Selecting previously unselected package python3.
Preparing to unpack .../python3_3.4.2-2_armhf.deb ...
Unpacking python3 (3.4.2-2) ...
Selecting previously unselected package dh-python.
Preparing to unpack .../dh-python_1.20141111-2_all.deb ...
Unpacking dh-python (1.20141111-2) ...
Processing triggers for man-db (2.7.5-1~bpo8+1) ...
Processing triggers for mime-support (3.58) ...
Setting up libmpdec2:armhf (2.4.1-1) ...
Setting up libpython3.4-minimal:armhf (3.4.2-1) ...
Setting up libpython3.4-stdlib:armhf (3.4.2-1) ...
Setting up python3.4-minimal (3.4.2-1) ...
Setting up python3.4 (3.4.2-1) ...
Setting up python3-minimal (3.4.2-2) ...
Setting up libpython3-stdlib:armhf (3.4.2-2) ...
Setting up dh-python (1.20141111-2) ...
Setting up python3 (3.4.2-2) ...
running python rtupdate hooks for python3.4...
running python post-rtupdate hooks for python3.4...
Processing triggers for libc-bin (2.19-18+deb8u10) ...
pi@TY128-RPI3:~ $ python3 -V
Python 3.4.2
pi@TY128-RPI3:~ $ sudo apt-get install python3-pip python3-dev libpq-dev postgresql postgresql-contrib nginx
Reading package lists... Done
Building dependency tree
Reading state information... Done
The following extra packages will be installed:
  comerr-dev fontconfig-config fonts-dejavu-core krb5-multidev libexpat1-dev libfontconfig1 libgd3 libgssrpc4 libjbig0 libkadm5clnt-mit9 libkadm5srv-mit9 libkdb5-7 libpq5 libpython3-dev libpython3.4 libpython3.4-dev libssl-dev
  libssl-doc libtiff5 libvpx1 libxpm4 libxslt1.1 nginx-common nginx-full postgresql-9.4 postgresql-client-9.4 postgresql-client-common postgresql-common postgresql-contrib-9.4 python3-chardet python3-colorama python3-distlib
  python3-html5lib python3-pkg-resources python3-requests python3-setuptools python3-six python3-urllib3 python3-wheel python3.4-dev ssl-cert
Suggested packages:
  doc-base krb5-doc libgd-tools krb5-user postgresql-doc-9.4 fcgiwrap nginx-doc postgresql-doc oidentd ident-server locales-all libdbd-pg-perl python3-genshi python3-lxml python3-ndg-httpsclient python3-openssl python3-pyasn1
  openssl-blacklist
The following NEW packages will be installed:
  comerr-dev fontconfig-config fonts-dejavu-core krb5-multidev libexpat1-dev libfontconfig1 libgd3 libgssrpc4 libjbig0 libkadm5clnt-mit9 libkadm5srv-mit9 libkdb5-7 libpq-dev libpq5 libpython3-dev libpython3.4 libpython3.4-dev libssl-dev
  libssl-doc libtiff5 libvpx1 libxpm4 libxslt1.1 nginx nginx-common nginx-full postgresql postgresql-9.4 postgresql-client-9.4 postgresql-client-common postgresql-common postgresql-contrib postgresql-contrib-9.4 python3-chardet
  python3-colorama python3-dev python3-distlib python3-html5lib python3-pip python3-pkg-resources python3-requests python3-setuptools python3-six python3-urllib3 python3-wheel python3.4-dev ssl-cert
0 upgraded, 47 newly installed, 0 to remove and 0 not upgraded.
Need to get 52.6 MB of archives.
After this operation, 98.7 MB of additional disk space will be used.
Do you want to continue? [Y/n] Y
Get:1 http://archive.raspberrypi.org/debian/ jessie/main comerr-dev armhf 2.1-1.43.3-1~bpo8+1 [38.3 kB]
Get:2 http://mirrordirector.raspbian.org/raspbian/ jessie/main libgssrpc4 armhf 1.12.1+dfsg-19+deb8u2 [79.3 kB]
Get:3 http://mirrordirector.raspbian.org/raspbian/ jessie/main libkadm5clnt-mit9 armhf 1.12.1+dfsg-19+deb8u2 [64.0 kB]
Get:4 http://mirrordirector.raspbian.org/raspbian/ jessie/main libkdb5-7 armhf 1.12.1+dfsg-19+deb8u2 [63.5 kB]
Get:5 http://mirrordirector.raspbian.org/raspbian/ jessie/main libkadm5srv-mit9 armhf 1.12.1+dfsg-19+deb8u2 [76.3 kB]
Get:6 http://mirrordirector.raspbian.org/raspbian/ jessie/main fonts-dejavu-core all 2.34-1 [1,047 kB]
Get:7 http://mirrordirector.raspbian.org/raspbian/ jessie/main fontconfig-config all 2.11.0-6.3+deb8u1 [274 kB]
Get:8 http://mirrordirector.raspbian.org/raspbian/ jessie/main libfontconfig1 armhf 2.11.0-6.3+deb8u1 [312 kB]
Get:9 http://mirrordirector.raspbian.org/raspbian/ jessie/main libjbig0 armhf 2.1-3.1 [27.5 kB]
Get:10 http://mirrordirector.raspbian.org/raspbian/ jessie/main libtiff5 armhf 4.0.3-12.3+deb8u4 [202 kB]
Get:11 http://mirrordirector.raspbian.org/raspbian/ jessie/main libvpx1 armhf 1.3.0-3+rvt [783 kB]
Get:12 http://mirrordirector.raspbian.org/raspbian/ jessie/main libxpm4 armhf 1:3.5.12-0+deb8u1 [43.7 kB]
Get:13 http://mirrordirector.raspbian.org/raspbian/ jessie/main libgd3 armhf 2.1.0-5+deb8u9 [127 kB]
Get:14 http://mirrordirector.raspbian.org/raspbian/ jessie/main libpq5 armhf 9.4.12-0+deb8u1 [111 kB]
Get:15 http://mirrordirector.raspbian.org/raspbian/ jessie/main libpython3.4 armhf 3.4.2-1 [1,121 kB]
Get:16 http://mirrordirector.raspbian.org/raspbian/ jessie/main libexpat1-dev armhf 2.1.0-6+deb8u4 [115 kB]
Get:17 http://mirrordirector.raspbian.org/raspbian/ jessie/main libpython3.4-dev armhf 3.4.2-1 [38.5 MB]
Get:18 http://mirrordirector.raspbian.org/raspbian/ jessie/main python3-dev armhf 3.4.2-2 [1,202 B]
Get:19 http://mirrordirector.raspbian.org/raspbian/ jessie/main libxslt1.1 armhf 1.1.28-2+deb8u3 [213 kB]
Get:20 http://mirrordirector.raspbian.org/raspbian/ jessie/main krb5-multidev armhf 1.12.1+dfsg-19+deb8u2 [145 kB]
Get:21 http://mirrordirector.raspbian.org/raspbian/ jessie/main libssl-dev armhf 1.0.1t-1+deb8u6 [1,095 kB]
Get:22 http://mirrordirector.raspbian.org/raspbian/ jessie/main libpq-dev armhf 9.4.12-0+deb8u1 [151 kB]
Get:23 http://mirrordirector.raspbian.org/raspbian/ jessie/main libpython3-dev armhf 3.4.2-2 [18.2 kB]
Get:24 http://mirrordirector.raspbian.org/raspbian/ jessie/main libssl-doc all 1.0.1t-1+deb8u6 [1,168 kB]
Get:25 http://mirrordirector.raspbian.org/raspbian/ jessie/main nginx-common all 1.6.2-5+deb8u5 [88.0 kB]
Get:26 http://mirrordirector.raspbian.org/raspbian/ jessie/main nginx-full armhf 1.6.2-5+deb8u5 [374 kB]
Get:27 http://mirrordirector.raspbian.org/raspbian/ jessie/main nginx all 1.6.2-5+deb8u5 [72.6 kB]
Get:28 http://mirrordirector.raspbian.org/raspbian/ jessie/main postgresql-client-common all 165+deb8u2 [73.7 kB]
Get:29 http://mirrordirector.raspbian.org/raspbian/ jessie/main postgresql-client-9.4 armhf 9.4.12-0+deb8u1 [1,001 kB]
Get:30 http://mirrordirector.raspbian.org/raspbian/ jessie/main ssl-cert all 1.0.35 [20.9 kB]
Get:31 http://mirrordirector.raspbian.org/raspbian/ jessie/main postgresql-common all 165+deb8u2 [200 kB]
Get:32 http://mirrordirector.raspbian.org/raspbian/ jessie/main postgresql-9.4 armhf 9.4.12-0+deb8u1 [3,180 kB]
Get:33 http://mirrordirector.raspbian.org/raspbian/ jessie/main postgresql all 9.4+165+deb8u2 [52.2 kB]
Get:34 http://mirrordirector.raspbian.org/raspbian/ jessie/main postgresql-contrib-9.4 armhf 9.4.12-0+deb8u1 [395 kB]
Get:35 http://mirrordirector.raspbian.org/raspbian/ jessie/main postgresql-contrib all 9.4+165+deb8u2 [52.2 kB]
Get:36 http://mirrordirector.raspbian.org/raspbian/ jessie/main python3-pkg-resources all 5.5.1-1 [34.2 kB]
Get:37 http://mirrordirector.raspbian.org/raspbian/ jessie/main python3-chardet all 2.3.0-1 [96.1 kB]
Get:38 http://mirrordirector.raspbian.org/raspbian/ jessie/main python3-colorama all 0.3.2-1 [13.1 kB]
Get:39 http://mirrordirector.raspbian.org/raspbian/ jessie/main python3.4-dev armhf 3.4.2-1 [418 kB]
Get:40 http://mirrordirector.raspbian.org/raspbian/ jessie/main python3-distlib all 0.1.9-1 [113 kB]
Get:41 http://mirrordirector.raspbian.org/raspbian/ jessie/main python3-six all 1.8.0-1 [12.7 kB]
Get:42 http://mirrordirector.raspbian.org/raspbian/ jessie/main python3-html5lib all 0.999-3 [82.3 kB]
Get:43 http://mirrordirector.raspbian.org/raspbian/ jessie/main python3-urllib3 all 1.9.1-3 [55.5 kB]
Get:44 http://mirrordirector.raspbian.org/raspbian/ jessie/main python3-requests all 2.4.3-6 [203 kB]
Get:45 http://mirrordirector.raspbian.org/raspbian/ jessie/main python3-setuptools all 5.5.1-1 [134 kB]
Get:46 http://mirrordirector.raspbian.org/raspbian/ jessie/main python3-pip all 1.5.6-5 [97.2 kB]
Get:47 http://mirrordirector.raspbian.org/raspbian/ jessie/main python3-wheel all 0.24.0-1 [47.6 kB]
Fetched 52.6 MB in 14s (3,756 kB/s)
Extracting templates from packages: 100%
Preconfiguring packages ...
Selecting previously unselected package libgssrpc4:armhf.
(Reading database ... 33253 files and directories currently installed.)
Preparing to unpack .../libgssrpc4_1.12.1+dfsg-19+deb8u2_armhf.deb ...
Unpacking libgssrpc4:armhf (1.12.1+dfsg-19+deb8u2) ...
Selecting previously unselected package libkadm5clnt-mit9:armhf.
Preparing to unpack .../libkadm5clnt-mit9_1.12.1+dfsg-19+deb8u2_armhf.deb ...
Unpacking libkadm5clnt-mit9:armhf (1.12.1+dfsg-19+deb8u2) ...
Selecting previously unselected package libkdb5-7:armhf.
Preparing to unpack .../libkdb5-7_1.12.1+dfsg-19+deb8u2_armhf.deb ...
Unpacking libkdb5-7:armhf (1.12.1+dfsg-19+deb8u2) ...
Selecting previously unselected package libkadm5srv-mit9:armhf.
Preparing to unpack .../libkadm5srv-mit9_1.12.1+dfsg-19+deb8u2_armhf.deb ...
Unpacking libkadm5srv-mit9:armhf (1.12.1+dfsg-19+deb8u2) ...
Selecting previously unselected package fonts-dejavu-core.
Preparing to unpack .../fonts-dejavu-core_2.34-1_all.deb ...
Unpacking fonts-dejavu-core (2.34-1) ...
Selecting previously unselected package fontconfig-config.
Preparing to unpack .../fontconfig-config_2.11.0-6.3+deb8u1_all.deb ...
Unpacking fontconfig-config (2.11.0-6.3+deb8u1) ...
Selecting previously unselected package libfontconfig1:armhf.
Preparing to unpack .../libfontconfig1_2.11.0-6.3+deb8u1_armhf.deb ...
Unpacking libfontconfig1:armhf (2.11.0-6.3+deb8u1) ...
Selecting previously unselected package libjbig0:armhf.
Preparing to unpack .../libjbig0_2.1-3.1_armhf.deb ...
Unpacking libjbig0:armhf (2.1-3.1) ...
Selecting previously unselected package libtiff5:armhf.
Preparing to unpack .../libtiff5_4.0.3-12.3+deb8u4_armhf.deb ...
Unpacking libtiff5:armhf (4.0.3-12.3+deb8u4) ...
Selecting previously unselected package libvpx1:armhf.
Preparing to unpack .../libvpx1_1.3.0-3+rvt_armhf.deb ...
Unpacking libvpx1:armhf (1.3.0-3+rvt) ...
Selecting previously unselected package libxpm4:armhf.
Preparing to unpack .../libxpm4_1%3a3.5.12-0+deb8u1_armhf.deb ...
Unpacking libxpm4:armhf (1:3.5.12-0+deb8u1) ...
Selecting previously unselected package libgd3:armhf.
Preparing to unpack .../libgd3_2.1.0-5+deb8u9_armhf.deb ...
Unpacking libgd3:armhf (2.1.0-5+deb8u9) ...
Selecting previously unselected package libpq5:armhf.
Preparing to unpack .../libpq5_9.4.12-0+deb8u1_armhf.deb ...
Unpacking libpq5:armhf (9.4.12-0+deb8u1) ...
Selecting previously unselected package libpython3.4:armhf.
Preparing to unpack .../libpython3.4_3.4.2-1_armhf.deb ...
Unpacking libpython3.4:armhf (3.4.2-1) ...
Selecting previously unselected package libexpat1-dev:armhf.
Preparing to unpack .../libexpat1-dev_2.1.0-6+deb8u4_armhf.deb ...
Unpacking libexpat1-dev:armhf (2.1.0-6+deb8u4) ...
Selecting previously unselected package libpython3.4-dev:armhf.
Preparing to unpack .../libpython3.4-dev_3.4.2-1_armhf.deb ...
Unpacking libpython3.4-dev:armhf (3.4.2-1) ...
Selecting previously unselected package libxslt1.1:armhf.
Preparing to unpack .../libxslt1.1_1.1.28-2+deb8u3_armhf.deb ...
Unpacking libxslt1.1:armhf (1.1.28-2+deb8u3) ...
Selecting previously unselected package comerr-dev.
Preparing to unpack .../comerr-dev_2.1-1.43.3-1~bpo8+1_armhf.deb ...
Unpacking comerr-dev (2.1-1.43.3-1~bpo8+1) ...
Selecting previously unselected package krb5-multidev.
Preparing to unpack .../krb5-multidev_1.12.1+dfsg-19+deb8u2_armhf.deb ...
Unpacking krb5-multidev (1.12.1+dfsg-19+deb8u2) ...
Selecting previously unselected package libssl-dev:armhf.
Preparing to unpack .../libssl-dev_1.0.1t-1+deb8u6_armhf.deb ...
Unpacking libssl-dev:armhf (1.0.1t-1+deb8u6) ...
Selecting previously unselected package libpq-dev.
Preparing to unpack .../libpq-dev_9.4.12-0+deb8u1_armhf.deb ...
Unpacking libpq-dev (9.4.12-0+deb8u1) ...
Selecting previously unselected package libpython3-dev:armhf.
Preparing to unpack .../libpython3-dev_3.4.2-2_armhf.deb ...
Unpacking libpython3-dev:armhf (3.4.2-2) ...
Selecting previously unselected package libssl-doc.
Preparing to unpack .../libssl-doc_1.0.1t-1+deb8u6_all.deb ...
Unpacking libssl-doc (1.0.1t-1+deb8u6) ...
Selecting previously unselected package nginx-common.
Preparing to unpack .../nginx-common_1.6.2-5+deb8u5_all.deb ...
Unpacking nginx-common (1.6.2-5+deb8u5) ...
Selecting previously unselected package nginx-full.
Preparing to unpack .../nginx-full_1.6.2-5+deb8u5_armhf.deb ...
Unpacking nginx-full (1.6.2-5+deb8u5) ...
Selecting previously unselected package nginx.
Preparing to unpack .../nginx_1.6.2-5+deb8u5_all.deb ...
Unpacking nginx (1.6.2-5+deb8u5) ...
Selecting previously unselected package postgresql-client-common.
Preparing to unpack .../postgresql-client-common_165+deb8u2_all.deb ...
Unpacking postgresql-client-common (165+deb8u2) ...
Selecting previously unselected package postgresql-client-9.4.
Preparing to unpack .../postgresql-client-9.4_9.4.12-0+deb8u1_armhf.deb ...
Unpacking postgresql-client-9.4 (9.4.12-0+deb8u1) ...
Selecting previously unselected package ssl-cert.
Preparing to unpack .../ssl-cert_1.0.35_all.deb ...
Unpacking ssl-cert (1.0.35) ...
Selecting previously unselected package postgresql-common.
Preparing to unpack .../postgresql-common_165+deb8u2_all.deb ...
Adding 'diversion of /usr/bin/pg_config to /usr/bin/pg_config.libpq-dev by postgresql-common'
Unpacking postgresql-common (165+deb8u2) ...
Selecting previously unselected package postgresql-9.4.
Preparing to unpack .../postgresql-9.4_9.4.12-0+deb8u1_armhf.deb ...
Unpacking postgresql-9.4 (9.4.12-0+deb8u1) ...
Selecting previously unselected package postgresql.
Preparing to unpack .../postgresql_9.4+165+deb8u2_all.deb ...
Unpacking postgresql (9.4+165+deb8u2) ...
Selecting previously unselected package postgresql-contrib-9.4.
Preparing to unpack .../postgresql-contrib-9.4_9.4.12-0+deb8u1_armhf.deb ...
Unpacking postgresql-contrib-9.4 (9.4.12-0+deb8u1) ...
Selecting previously unselected package postgresql-contrib.
Preparing to unpack .../postgresql-contrib_9.4+165+deb8u2_all.deb ...
Unpacking postgresql-contrib (9.4+165+deb8u2) ...
Selecting previously unselected package python3-pkg-resources.
Preparing to unpack .../python3-pkg-resources_5.5.1-1_all.deb ...
Unpacking python3-pkg-resources (5.5.1-1) ...
Selecting previously unselected package python3-chardet.
Preparing to unpack .../python3-chardet_2.3.0-1_all.deb ...
Unpacking python3-chardet (2.3.0-1) ...
Selecting previously unselected package python3-colorama.
Preparing to unpack .../python3-colorama_0.3.2-1_all.deb ...
Unpacking python3-colorama (0.3.2-1) ...
Selecting previously unselected package python3.4-dev.
Preparing to unpack .../python3.4-dev_3.4.2-1_armhf.deb ...
Unpacking python3.4-dev (3.4.2-1) ...
Selecting previously unselected package python3-dev.
Preparing to unpack .../python3-dev_3.4.2-2_armhf.deb ...
Unpacking python3-dev (3.4.2-2) ...
Selecting previously unselected package python3-distlib.
Preparing to unpack .../python3-distlib_0.1.9-1_all.deb ...
Unpacking python3-distlib (0.1.9-1) ...
Selecting previously unselected package python3-six.
Preparing to unpack .../python3-six_1.8.0-1_all.deb ...
Unpacking python3-six (1.8.0-1) ...
Selecting previously unselected package python3-html5lib.
Preparing to unpack .../python3-html5lib_0.999-3_all.deb ...
Unpacking python3-html5lib (0.999-3) ...
Selecting previously unselected package python3-urllib3.
Preparing to unpack .../python3-urllib3_1.9.1-3_all.deb ...
Unpacking python3-urllib3 (1.9.1-3) ...
Selecting previously unselected package python3-requests.
Preparing to unpack .../python3-requests_2.4.3-6_all.deb ...
Unpacking python3-requests (2.4.3-6) ...
Selecting previously unselected package python3-setuptools.
Preparing to unpack .../python3-setuptools_5.5.1-1_all.deb ...
Unpacking python3-setuptools (5.5.1-1) ...
Selecting previously unselected package python3-pip.
Preparing to unpack .../python3-pip_1.5.6-5_all.deb ...
Unpacking python3-pip (1.5.6-5) ...
Selecting previously unselected package python3-wheel.
Preparing to unpack .../python3-wheel_0.24.0-1_all.deb ...
Unpacking python3-wheel (0.24.0-1) ...
Processing triggers for man-db (2.7.5-1~bpo8+1) ...
Processing triggers for install-info (5.2.0.dfsg.1-6) ...
Processing triggers for systemd (215-17+deb8u7) ...
Setting up libgssrpc4:armhf (1.12.1+dfsg-19+deb8u2) ...
Setting up libkadm5clnt-mit9:armhf (1.12.1+dfsg-19+deb8u2) ...
Setting up libkdb5-7:armhf (1.12.1+dfsg-19+deb8u2) ...
Setting up libkadm5srv-mit9:armhf (1.12.1+dfsg-19+deb8u2) ...
Setting up fonts-dejavu-core (2.34-1) ...
Setting up fontconfig-config (2.11.0-6.3+deb8u1) ...
Setting up libfontconfig1:armhf (2.11.0-6.3+deb8u1) ...
Setting up libjbig0:armhf (2.1-3.1) ...
Setting up libtiff5:armhf (4.0.3-12.3+deb8u4) ...
Setting up libvpx1:armhf (1.3.0-3+rvt) ...
Setting up libxpm4:armhf (1:3.5.12-0+deb8u1) ...
Setting up libgd3:armhf (2.1.0-5+deb8u9) ...
Setting up libpq5:armhf (9.4.12-0+deb8u1) ...
Setting up libpython3.4:armhf (3.4.2-1) ...
Setting up libexpat1-dev:armhf (2.1.0-6+deb8u4) ...
Setting up libpython3.4-dev:armhf (3.4.2-1) ...
Setting up libxslt1.1:armhf (1.1.28-2+deb8u3) ...
Setting up comerr-dev (2.1-1.43.3-1~bpo8+1) ...
Setting up krb5-multidev (1.12.1+dfsg-19+deb8u2) ...
Setting up libssl-dev:armhf (1.0.1t-1+deb8u6) ...
Setting up libpq-dev (9.4.12-0+deb8u1) ...
Setting up libpython3-dev:armhf (3.4.2-2) ...
Setting up libssl-doc (1.0.1t-1+deb8u6) ...
Setting up nginx-common (1.6.2-5+deb8u5) ...
Setting up nginx-full (1.6.2-5+deb8u5) ...
Setting up nginx (1.6.2-5+deb8u5) ...
Setting up postgresql-client-common (165+deb8u2) ...
Setting up postgresql-client-9.4 (9.4.12-0+deb8u1) ...
update-alternatives: using /usr/share/postgresql/9.4/man/man1/psql.1.gz to provide /usr/share/man/man1/psql.1.gz (psql.1.gz) in auto mode
Setting up ssl-cert (1.0.35) ...
Setting up postgresql-common (165+deb8u2) ...
supported-versions: WARNING! Unknown distribution: raspbian
debian found in ID_LIKE, treating as Debian
Adding user postgres to group ssl-cert

Creating config file /etc/postgresql-common/createcluster.conf with new version

Creating config file /etc/logrotate.d/postgresql-common with new version
Building PostgreSQL dictionaries from installed myspell/hunspell packages...
Removing obsolete dictionary files:
Setting up postgresql-9.4 (9.4.12-0+deb8u1) ...
Creating new cluster 9.4/main ...
  config /etc/postgresql/9.4/main
  data   /var/lib/postgresql/9.4/main
  locale en_GB.UTF-8
Flags of /var/lib/postgresql/9.4/main set as --------------e-C--
  port   5432
update-alternatives: using /usr/share/postgresql/9.4/man/man1/postmaster.1.gz to provide /usr/share/man/man1/postmaster.1.gz (postmaster.1.gz) in auto mode
Setting up postgresql (9.4+165+deb8u2) ...
Setting up postgresql-contrib-9.4 (9.4.12-0+deb8u1) ...
Setting up postgresql-contrib (9.4+165+deb8u2) ...
Setting up python3-pkg-resources (5.5.1-1) ...
Setting up python3-chardet (2.3.0-1) ...
Setting up python3-colorama (0.3.2-1) ...
Setting up python3.4-dev (3.4.2-1) ...
Setting up python3-dev (3.4.2-2) ...
Setting up python3-distlib (0.1.9-1) ...
Setting up python3-six (1.8.0-1) ...
Setting up python3-html5lib (0.999-3) ...
Setting up python3-urllib3 (1.9.1-3) ...
Setting up python3-requests (2.4.3-6) ...
Setting up python3-setuptools (5.5.1-1) ...
Setting up python3-pip (1.5.6-5) ...
Setting up python3-wheel (0.24.0-1) ...
Processing triggers for libc-bin (2.19-18+deb8u10) ...
Processing triggers for systemd (215-17+deb8u7) ...
pi@TY128-RPI3:~ $ ~sudo -u postgres psql
-bash: ~sudo: command not found
pi@TY128-RPI3:~ $ sudo -u postgres psql
psql (9.4.12)
Type "help" for help.

postgres=# CREATE DATABASE cos_inv_db;
CREATE DATABASE
postgres=# CREATE USER tylerhardy WITH PASSWORD 'Letmein11';
CREATE ROLE
postgres=# ALTER ROLE tylerhardy SET client_encoding to 'utf8';
ALTER ROLE
postgres=# ALTER ROLE tylerhardy SET default_transaction_isolation TO 'read committed';
ALTER ROLE
postgres=# ALTER ROLE tylerhardy SET timezone TO 'America/Denver';
ALTER ROLE
postgres=# GRANT ALL PRIVILEGES ON DATABASE cos_inv_db TO tylerhardy;
GRANT
postgres=# \q
pi@TY128-RPI3:~ $ sudo -H pip3 install --upgrade pip
Downloading/unpacking pip from https://pypi.python.org/packages/b6/ac/7015eb97dc749283ffdec1c3a88ddb8ae03b8fad0f0e611408f196358da3/pip-9.0.1-py2.py3-none-any.whl#md5=297dbd16ef53bcef0447d245815f5144
  Downloading pip-9.0.1-py2.py3-none-any.whl (1.3MB): 1.3MB downloaded
Installing collected packages: pip
  Found existing installation: pip 1.5.6
    Not uninstalling pip at /usr/lib/python3/dist-packages, owned by OS
Successfully installed pip
Cleaning up...
pi@TY128-RPI3:~ $ sudo -H pip3 install virtualenv
Collecting virtualenv
  Downloading virtualenv-15.1.0-py2.py3-none-any.whl (1.8MB)
    100% |████████████████████████████████| 1.8MB 153kB/s
Installing collected packages: virtualenv
Successfully installed virtualenv-15.1.0
pi@TY128-RPI3:~ $
pi@TY128-RPI3:~ $ ~
-bash: /home/pi: Is a directory
pi@TY128-RPI3:~ $ doskey /HISTORY > history.txt
-bash: doskey: command not found
pi@TY128-RPI3:~ $